<?xml version="1.0" encoding="utf-8"?><testsuites><testsuite name="pytest" errors="0" failures="0" skipped="0" tests="7" time="0.610" timestamp="2024-05-15T10:05:44.838517" hostname="Office"><testcase classname="tests.test_main" name="test_message" time="0.028" /><testcase classname="tests.test_main" name="test_calculate_add" time="0.027" /><testcase classname="tests.test_main" name="test_calculate_subtract" time="0.005" /><testcase classname="tests.test_main" name="test_calculate_multiply" time="0.003" /><testcase classname="tests.test_main" name="test_calculate_divide" time="0.003" /><testcase classname="tests.test_main" name="test_calculate_divide_by_zero" time="0.002" /><testcase classname="tests.test_main" name="test_calculate_invalid_operation" time="0.002" /></testsuite></testsuites>